  ✓ Transformer matcher loaded
  ✓ NER extractor loaded
  ⊘ Vector search disabled in config
  ✓ Multi-field matcher loaded
✅ AI features initialized successfully!
Device set to use cpu
Loading semantic model: all-MiniLM-L6-v2
Loading zero-shot classifier on device=-1
Loading spaCy model: en_core_web_sm
Loading cached embeddings from data/embeddings/college_embeddings.json
✅ Loaded 886 cached embeddings from JSON format
Loading FAISS index from data/college_index.faiss
✅ Loaded FAISS index with 5034 vectors from data/college_index.faiss
✅ Indexed 1223 unique college codes for Pass 0.5
✅ Loaded master data from mmap cache (zero-copy, <100ms)


                  📊 Pass Results                   
┏━━━━━━━━━━━━━━━━━━━━━━━━━━━━━━━━┳━━━━━━━━━━━━━━━━━┓
┃ Pass                           ┃           Count ┃
┡━━━━━━━━━━━━━━━━━━━━━━━━━━━━━━━━╇━━━━━━━━━━━━━━━━━┩
│ PASS 0 (Grouping)              │    2,454 groups │
│ PASS 0 (Composite key match)   │             937 │
│ PASS 0.5 (Code match)          │           1,222 │
│ PASS 1-2 (Direct match)        │               0 │
│ PASS 3 (Single campus)         │              11 │
│ PASS 3 (Multi campus)          │               5 │
│ PASS 4A (Single path)          │               9 │
│ PASS 4B (Multi path)           │               0 │
│ PASS 5 (Council)               │               4 │
│ PASS 5A (Alias fallback)       │               0 │
│ PASS 5B (AI fallback)          │               0 │
│ PASS 5C (Smart fuzzy)          │               0 │
│ PASS 5D (Campus-specific)      │               0 │
│ PASS 5E (NER-based)            │               0 │
│ PASS 6 (Council of Matchers)   │               0 │
└────────────────────────────────┴─────────────────┘

                        📈 Overall Results                        
┏━━━━━━━━━━━━━━━━━━━━━━━━━━━━━━━━┳━━━━━━━━━━━━━━━━━━━━━━━━━━━━━━━┓
┃ Metric                         ┃                         Value ┃
┡━━━━━━━━━━━━━━━━━━━━━━━━━━━━━━━━╇━━━━━━━━━━━━━━━━━━━━━━━━━━━━━━━┩
│ Total matched (groups)         │         2,172 / 2,454 (88.5%) │
│ Total unmatched (groups)       │                    83 (11.5%) │
└────────────────────────────────┴───────────────────────────────┘

                     📊 Record-Level Results                      
┏━━━━━━━━━━━━━━━━━━━━━━━━━━━━━━━━┳━━━━━━━━━━━━━━━━━━━━━━━━━━━━━━━┓
┃ Metric                         ┃                         Value ┃
┡━━━━━━━━━━━━━━━━━━━━━━━━━━━━━━━━╇━━━━━━━━━━━━━━━━━━━━━━━━━━━━━━━┩
│ Total matched                  │      16,066 / 16,278 (98.70%) │
│ Total unmatched                │                   212 (1.30%) │
└────────────────────────────────┴───────────────────────────────┘

                          ⏱️  Performance                          
┏━━━━━━━━━━━━━━━━━━━━━━━━━━━━━━━━┳━━━━━━━━━━━━━━━━━━━━━━━━━━━━━━━┓
┃ Metric                         ┃                         Value ┃
┡━━━━━━━━━━━━━━━━━━━━━━━━━━━━━━━━╇━━━━━━━━━━━━━━━━━━━━━━━━━━━━━━━┩
│ Total time                     │                         18.8s │
│ Per group                      │                        7.66ms │
└────────────────────────────────┴───────────────────────────────┘

╭─────────────────────────────╮
│ ✅ 5-PASS WORKFLOW COMPLETE │
╰─────────────────────────────╯

